((foo "line with embedded
newline") (eolstring " this is an eol string"))
