((eolstring1a "this is a block
of text
with 2 embedded newlines")

(eolstring1b "this is a block
of text
with 2 embedded newlines")

(eolstring1c "this is a block
of text
with 2 embedded newlines")

(eolstring1d "this is a block
    of text with embedded spaces
    and 2 embedded newlines")

(eolstring1e "this is a block
of text
with 2 embedded newlines"))'
