((eolstring
" this is a single-line eol string"))
